// Jest Snapshot v1, https://goo.gl/fbAQLP

exports[`SearchStatusBox render testing renders panel and takes snapshot to track jsx element changes, will also test for exceptions in element code 1`] = `
<div
  className=" bg-white px-4 pt-5 pb-4 sm:p-6 sm:pb-4 col-span-1 flex flex-col hover:cursor-pointer"
  onClick={[Function]}
>
  <img
    alt="gallery"
    className="inline object-cover w-16 h-16 mr-2 rounded-full justify-center"
    src="test"
  />
  <p
    className="justify-center"
  >
    test
  </p>
</div>
`;
