// Jest Snapshot v1, https://goo.gl/fbAQLP

exports[`TopNavbar render testing renders panel and takes snapshot to track jsx element changes, will also test for exceptions in element code 1`] = `
<nav
  className="navbar navbar-static-top navbar-fixed-top"
  role="navigation"
>
  <div
    className="navbar-header"
  >
    <SideNavbarToggle />
  </div>
</nav>
`;
