// Jest Snapshot v1, https://goo.gl/fbAQLP

exports[`MapWidget render testing renders and takes snapshot to track jsx element changes, will also test for exceptions in element code 1`] = `
<Provider
  store={
    Object {
      "clearActions": [Function],
      "dispatch": [Function],
      "getActions": [Function],
      "getState": [Function],
      "replaceReducer": [Function],
      "subscribe": [Function],
    }
  }
>
  <Map>
    <link
      crossOrigin=""
      href="https://unpkg.com/leaflet@1.7.1/dist/leaflet.css"
      integrity="sha512-xodZBNTC5n17Xt2atTPuE1HxjVMSvLVW9ocqUKLsCC5CXdbqCmblAshOMAS6/keqq/sMZMZ19scR4PsZChSR7A=="
      rel="stylesheet"
    />
    <script
      crossOrigin=""
      integrity="sha512-XQoYMqMTK8LvdxXYG3nZ448hOEQiglfqkJs1NOQV44cWnUrBc8PkAOcXy20w0vlaXaVUearIOBhiXZ5V3ynxwA=="
      src="https://unpkg.com/leaflet@1.7.1/dist/leaflet.js"
    />
    <div
      className="map-element-row"
    >
      <CoordinateInput
        searchForCoordinates={[Function]}
      >
        <div
          className="coordinate-input-container"
        >
          <div
            className="coordinate-input-controls"
          />
          <div
            className="coordinate-input-controls"
          >
            <input
              onChange={[Function]}
              onKeyUp={[Function]}
            />
            <button
              disabled={true}
              onClick={[Function]}
            >
              üîç
            </button>
          </div>
          <div
            className="coordinate-input-controls"
          />
          <p
            className="error-message"
          />
        </div>
      </CoordinateInput>
    </div>
    <div
      className="map-element-row"
    >
      <CoordinateDisplay
        coordinates={
          Object {
            "lat": 0,
            "lng": 0,
          }
        }
        displayClassName="latitude-value-container"
      >
        <div
          className="latitude-value-container"
        >
          <p
            className="longitude-latitude-titlebox"
          >
            Lat: 
            0
          </p>
          <p
            className="longitude-latitude-titlebox"
          >
            Lng: 
            0
          </p>
        </div>
      </CoordinateDisplay>
      <CoordinateDisplay
        coordinates={
          Object {
            "lat": 0,
            "lng": 0,
          }
        }
        displayClassName="longitude-value-container"
      >
        <div
          className="longitude-value-container"
        >
          <p
            className="longitude-latitude-titlebox"
          >
            Lat: 
            0
          </p>
          <p
            className="longitude-latitude-titlebox"
          >
            Lng: 
            0
          </p>
        </div>
      </CoordinateDisplay>
    </div>
    <div
      id="map"
    >
      <div
        id="crosshair"
      >
        (+)
      </div>
      <MapContainer
        center={
          Array [
            46.81914,
            9.62556,
          ]
        }
        className="leaflet-map-container"
        scrollWheelZoom={false}
        whenCreated={[Function]}
        zoom={15}
      >
        <div
          className="leaflet-map-container"
        >
          <MapEventHandlers />
          <ForwardRef(LeafComponent)
            attribution="¬© <a href=\\"https://www.openstreetmap.org/copyright\\">OpenStreetMap</a> contributors"
            url="https://{s}.tile.openstreetmap.org/{z}/{x}/{y}.png"
          />
          <RenderGeoJsonData />
          <ChangeMapView
            latitude={46.81914}
            longitude={9.62556}
          />
        </div>
      </MapContainer>
    </div>
    <div
      className="map-element-row"
    >
      <CoordinateDisplay
        coordinates={
          Object {
            "lat": 0,
            "lng": 0,
          }
        }
        displayClassName="latitude-value-container"
      >
        <div
          className="latitude-value-container"
        >
          <p
            className="longitude-latitude-titlebox"
          >
            Lat: 
            0
          </p>
          <p
            className="longitude-latitude-titlebox"
          >
            Lng: 
            0
          </p>
        </div>
      </CoordinateDisplay>
      <CoordinateDisplay
        coordinates={
          Object {
            "lat": 0,
            "lng": 0,
          }
        }
        displayClassName="longitude-value-container"
      >
        <div
          className="longitude-value-container"
        >
          <p
            className="longitude-latitude-titlebox"
          >
            Lat: 
            0
          </p>
          <p
            className="longitude-latitude-titlebox"
          >
            Lng: 
            0
          </p>
        </div>
      </CoordinateDisplay>
    </div>
  </Map>
</Provider>
`;
