// Jest Snapshot v1, https://goo.gl/fbAQLP

exports[`GalleryModal render testing renders and takes snapshot to track jsx element changes, will also test for exceptions in element code 1`] = `
<Provider
  store={
    Object {
      "clearActions": [Function],
      "dispatch": [Function],
      "getActions": [Function],
      "getState": [Function],
      "replaceReducer": [Function],
      "subscribe": [Function],
    }
  }
>
  <GalleryModal
    setShowModal={[Function]}
    showModal={true}
  >
    <div
      aria-labelledby="modal-title"
      aria-modal="true"
      className="relative z-10"
      role="dialog"
    >
      <div
        className="fixed inset-0 bg-gray-500 bg-opacity-75 transition-opacity"
      />
      <div
        className="fixed z-10 inset-0 overflow-y-auto"
      >
        <div
          className="flex items-start justify-start pt-4 px-4 pb-20 text-center sm:block sm:p-0"
        >
          <span
            aria-hidden="true"
            className="hidden sm:inline-block sm:align-middle sm:h-screen"
          >
            â€‹
          </span>
          <div
            className="relative inline-block align-center bg-white rounded-lg text-left overflow-hidden  shadow-xl transform transition-all sm:my-8 sm:align-middle sm:max-w-lg sm:w-full "
          >
            <div
              className=" sm:px-6 sm:flex sm:flex-row-reverse"
            >
              <button
                className="w-full inline-flex justify-center right-10 rounded-md border border-1  shadow-sm px-4 py-2 mt-1 text-base font-medium hover:text-white hover:bg-gray-700 focus:outline-none focus:ring-2  focus:ring-offset-2 focus:ring-red-500 sm:ml-3 sm:w-auto sm:text-sm"
                onClick={[Function]}
                type="button"
              >
                <i
                  aria-hidden="true"
                  className="fa fa-times"
                />
              </button>
            </div>
            <div
              className="grid grid-cols-3 gap-4"
            >
              <div
                className="bg-white px-4 pt-5 pb-4 col-span-2 sm:p-6 sm:pb-4"
              >
                <GalleryImage
                  sourceUrl="https://images.unsplash.com/photo-1648737963059-59ec8e2d50c5?crop=entropy&cs=tinysrgb&fit=max&fm=jpg&ixid=MnwzMjU1NzJ8MXwxfHNlYXJjaHwxfHxvZmZpY2V8ZW58MHx8fHwxNjUxNjA5NTQ4&ixlib=rb-1.2.1&q=80&w=1080"
                >
                  <LoadingSpinner>
                    <div
                      className=" grid place-items-center"
                    >
                      <svg
                        className="inline w-10 h-10 mr-2 text-gray-200 animate-spin dark:text-gray-600 fill-blue-600 "
                        fill="none"
                        role="status"
                        viewBox="0 0 100 101"
                        xmlns="http://www.w3.org/2000/svg"
                      >
                        <path
                          d="M100 50.5908C100 78.2051 77.6142 100.591 50 100.591C22.3858 100.591 0 78.2051 0 50.5908C0 22.9766 22.3858 0.59082 50 0.59082C77.6142 0.59082 100 22.9766 100 50.5908ZM9.08144 50.5908C9.08144 73.1895 27.4013 91.5094 50 91.5094C72.5987 91.5094 90.9186 73.1895 90.9186 50.5908C90.9186 27.9921 72.5987 9.67226 50 9.67226C27.4013 9.67226 9.08144 27.9921 9.08144 50.5908Z"
                          fill="currentColor"
                        />
                        <path
                          d="M93.9676 39.0409C96.393 38.4038 97.8624 35.9116 97.0079 33.5539C95.2932 28.8227 92.871 24.3692 89.8167 20.348C85.8452 15.1192 80.8826 10.7238 75.2124 7.41289C69.5422 4.10194 63.2754 1.94025 56.7698 1.05124C51.7666 0.367541 46.6976 0.446843 41.7345 1.27873C39.2613 1.69328 37.813 4.19778 38.4501 6.62326C39.0873 9.04874 41.5694 10.4717 44.0505 10.1071C47.8511 9.54855 51.7191 9.52689 55.5402 10.0491C60.8642 10.7766 65.9928 12.5457 70.6331 15.2552C75.2735 17.9648 79.3347 21.5619 82.5849 25.841C84.9175 28.9121 86.7997 32.2913 88.1811 35.8758C89.083 38.2158 91.5421 39.6781 93.9676 39.0409Z"
                          fill="currentFill"
                        />
                      </svg>
                    </div>
                  </LoadingSpinner>
                  <div
                    className="hidden"
                  >
                    <img
                      alt="gallery"
                      className="block p-1 md:p-2 object-cover object-center w-full h-full rounded-lg"
                      onLoad={[Function]}
                      src="https://images.unsplash.com/photo-1648737963059-59ec8e2d50c5?crop=entropy&cs=tinysrgb&fit=max&fm=jpg&ixid=MnwzMjU1NzJ8MXwxfHNlYXJjaHwxfHxvZmZpY2V8ZW58MHx8fHwxNjUxNjA5NTQ4&ixlib=rb-1.2.1&q=80&w=1080"
                    />
                  </div>
                </GalleryImage>
              </div>
              <UnsplashUserAvatar
                profileImageUrl="https://images.unsplash.com/profile-1587651800415-20eed2ec0209image?ixlib=rb-1.2.1&q=80&fm=jpg&crop=faces&cs=tinysrgb&fit=crop&h=128&w=128"
                profileLink="https://unsplash.com/@surface"
                username="surface"
              >
                <div
                  className=" bg-white px-4 pt-5 pb-4 sm:p-6 sm:pb-4 col-span-1 flex flex-col hover:cursor-pointer"
                  onClick={[Function]}
                >
                  <img
                    alt="gallery"
                    className="inline object-cover w-16 h-16 mr-2 rounded-full justify-center"
                    src="https://images.unsplash.com/profile-1587651800415-20eed2ec0209image?ixlib=rb-1.2.1&q=80&fm=jpg&crop=faces&cs=tinysrgb&fit=crop&h=128&w=128"
                  />
                  <p
                    className="justify-center"
                  >
                    surface
                  </p>
                </div>
              </UnsplashUserAvatar>
            </div>
            <div
              className="bg-gray-50 px-4 py-3 sm:px-6 sm:flex sm:flex-row"
            >
              <button
                className="w-full inline-flex justify-center rounded-md border border-transparent shadow-sm px-4 py-2 text-base font-medium hover:text-white hover:bg-gray-700 focus:outline-none focus:ring-2 focus:ring-offset-2 focus:ring-red-500 sm:ml-3 sm:w-auto sm:text-sm"
                onClick={[Function]}
                type="button"
              >
                <i
                  aria-hidden="true"
                  className="fa fa-download"
                />
              </button>
            </div>
          </div>
        </div>
      </div>
    </div>
  </GalleryModal>
</Provider>
`;
