// Jest Snapshot v1, https://goo.gl/fbAQLP

exports[`Footer render testing renders panel and takes snapshot to track jsx element changes, will also test for exceptions in element code 1`] = `
<Fragment>
  <TrinityRingsSpinner
    className="mx-auto"
    color="#1ab394"
  />
</Fragment>
`;
